<p>This is file contains a image.</p>
<p><img src="img/fun-fish.png" alt="fishy" w="100px" align="center" class="bg-warning" /></p>
<p><img src="{static}/images/foobar.png" alt="" width="30" /></p>