<p>This is file contains a task list.</p>
<ul class="contains-task-list">
<li class="task-list-item"><input class="task-list-item-checkbox" disabled="disabled" type="checkbox"> foo</li>
<li class="task-list-item"><input class="task-list-item-checkbox" checked="checked" disabled="disabled" type="checkbox"> bar</li>
</ul>