<p>This is file contains a task list.</p>
<ul class="contains-task-list simple">
<li class="task-list-item"><p><input class="task-list-item-checkbox" disabled="disabled" type="checkbox"> foo</p></li>
<li class="task-list-item"><p><input class="task-list-item-checkbox" checked="checked" disabled="disabled" type="checkbox"> bar</p></li>
</ul>