<p>
 This is file contains a image.
</p>



<p>
 <a class="bg-warning reference internal" href="img/fun-fish.png">
  <img alt="fishy" class="bg-warning align-center" src="img/fun-fish.png" style="width: 100px;"/>
 </a>
</p>



<p>
 <a class="reference internal" href="{static}/images/foobar.png">
  <img alt="" src="{static}/images/foobar.png" style="width: 30px;"/>
 </a>
</p>