<section id="string-theory">
 <h1>
  String Theory
  <a class="headerlink" href="#string-theory" title="Link to this heading">
   ¶
  </a>
 </h1>
 <p>
  But this foundational principle of science has now been called into question by
  <a class="reference external" href="https://www.britannica.com/science/string-theory">
   String Theory
  </a>
  , which is a
relative newcomer to theoretical physics, but one that has captured the common
imagination, judging by the popular explanations that abound on the Web
  <span id="id1">
   [
   <a class="reference internal" href="#id10" title="Andrew Zimmerman Jones. The Basics of String Theory. URL: https://www.thoughtco.com/what-is-string-theory-2699363 (visited on 2020-11-12).">
    Jon
   </a>
   ,
   <a class="reference internal" href="#id8" title="Adam Mann. What Is String Theory? URL: https://www.livescience.com/65033-what-is-string-theory.html (visited on 2020-11-12).">
    Man
   </a>
   ,
   <a class="reference internal" href="#id9" title="Charlie Wood. What Is String Theory? URL: https://www.space.com/17594-string-theory.html (visited on 2020-11-12).">
    Woo
   </a>
   ]
  </span>
  . And whether string theory is or is not
science, Popper notwithstanding, is an issue that is still up for debate
  <span id="id2">
   [
   <a class="reference internal" href="#id6" title="Rafael Alves Batista and Joel Primack. Is String theory falsifiable? URL: https://metafact.io/factchecks/30-is-string-theory-falsifiable (visited on 2020-11-12).">
    BP
   </a>
   ,
   <a class="reference internal" href="#id4" title="Davide Castelvecchi. Feuding physicists turn to philosophy for help. URL: https://www.nature.com/news/feuding-physicists-turn-to-philosophy-for-help-1.19076 (visited on 2020-11-12).">
    Cas
   </a>
   ,
   <a class="reference internal" href="#id5" title="Matthew R Francis. Falsifiability and physics. URL: https://www.scientificamerican.com/article/is-string-theory-science/ (visited on 2020-11-12).">
    Fra
   </a>
   ,
   <a class="reference internal" href="#id7" title="Ethan Siegel. Why String Theory Is Not A Scientific Theory. URL: https://www.forbes.com/sites/startswithabang/2015/12/23/why-string-theory-is-not-science/ (visited on 2020-11-12).">
    Sie
   </a>
   ]
  </span>
  .
 </p>
 <div class="docutils container" id="id3">
  <div class="citation-list" role="list">
   <div class="citation" id="id6" role="doc-biblioentry">
    <span class="label">
     <span class="fn-bracket">
      [
     </span>
     <a href="#id2" role="doc-backlink">
      BP
     </a>
     <span class="fn-bracket">
      ]
     </span>
    </span>
    <p>
     Rafael Alves Batista and Joel Primack. Is String theory falsifiable? URL:
     <a class="reference external" href="https://metafact.io/factchecks/30-is-string-theory-falsifiable">
      https://metafact.io/factchecks/30-is-string-theory-falsifiable
     </a>
     (visited on 2020-11-12).
    </p>
   </div>
   <div class="citation" id="id4" role="doc-biblioentry">
    <span class="label">
     <span class="fn-bracket">
      [
     </span>
     <a href="#id2" role="doc-backlink">
      Cas
     </a>
     <span class="fn-bracket">
      ]
     </span>
    </span>
    <p>
     Davide Castelvecchi. Feuding physicists turn to philosophy for help. URL:
     <a class="reference external" href="https://www.nature.com/news/feuding-physicists-turn-to-philosophy-for-help-1.19076">
      https://www.nature.com/news/feuding-physicists-turn-to-philosophy-for-help-1.19076
     </a>
     (visited on 2020-11-12).
    </p>
   </div>
   <div class="citation" id="id5" role="doc-biblioentry">
    <span class="label">
     <span class="fn-bracket">
      [
     </span>
     <a href="#id2" role="doc-backlink">
      Fra
     </a>
     <span class="fn-bracket">
      ]
     </span>
    </span>
    <p>
     Matthew R Francis. Falsifiability and physics. URL:
     <a class="reference external" href="https://www.scientificamerican.com/article/is-string-theory-science/">
      https://www.scientificamerican.com/article/is-string-theory-science/
     </a>
     (visited on 2020-11-12).
    </p>
   </div>
   <div class="citation" id="id10" role="doc-biblioentry">
    <span class="label">
     <span class="fn-bracket">
      [
     </span>
     <a href="#id1" role="doc-backlink">
      Jon
     </a>
     <span class="fn-bracket">
      ]
     </span>
    </span>
    <p>
     Andrew Zimmerman Jones. The Basics of String Theory. URL:
     <a class="reference external" href="https://www.thoughtco.com/what-is-string-theory-2699363">
      https://www.thoughtco.com/what-is-string-theory-2699363
     </a>
     (visited on 2020-11-12).
    </p>
   </div>
   <div class="citation" id="id8" role="doc-biblioentry">
    <span class="label">
     <span class="fn-bracket">
      [
     </span>
     <a href="#id1" role="doc-backlink">
      Man
     </a>
     <span class="fn-bracket">
      ]
     </span>
    </span>
    <p>
     Adam Mann. What Is String Theory? URL:
     <a class="reference external" href="https://www.livescience.com/65033-what-is-string-theory.html">
      https://www.livescience.com/65033-what-is-string-theory.html
     </a>
     (visited on 2020-11-12).
    </p>
   </div>
   <div class="citation" id="id7" role="doc-biblioentry">
    <span class="label">
     <span class="fn-bracket">
      [
     </span>
     <a href="#id2" role="doc-backlink">
      Sie
     </a>
     <span class="fn-bracket">
      ]
     </span>
    </span>
    <p>
     Ethan Siegel. Why String Theory Is Not A Scientific Theory. URL:
     <a class="reference external" href="https://www.forbes.com/sites/startswithabang/2015/12/23/why-string-theory-is-not-science/">
      https://www.forbes.com/sites/startswithabang/2015/12/23/why-string-theory-is-not-science/
     </a>
     (visited on 2020-11-12).
    </p>
   </div>
   <div class="citation" id="id9" role="doc-biblioentry">
    <span class="label">
     <span class="fn-bracket">
      [
     </span>
     <a href="#id1" role="doc-backlink">
      Woo
     </a>
     <span class="fn-bracket">
      ]
     </span>
    </span>
    <p>
     Charlie Wood. What Is String Theory? URL:
     <a class="reference external" href="https://www.space.com/17594-string-theory.html">
      https://www.space.com/17594-string-theory.html
     </a>
     (visited on 2020-11-12).
    </p>
   </div>
  </div>
 </div>
</section>
