<div class="math block">
e^{i\theta} = \cos\theta + i \sin\theta.
</div>