<p>This is file contains a image.</p>
<p><img src="/path/to/image.png" alt="Image alt title" /></p>
<p><a href="https://example.com/link.png"><img src="/path/to/link.png" alt="Image with link" /></a></p>
<img src="{filename}/path/to/image.png" alt="using image directive with backticks"/>
<img src="{filename}/path/to/image.png" alt="using image directive with colon fence"/>