<div class="math notranslate nohighlight">
 \[
e^{i\theta} = \cos\theta + i \sin\theta.
\]
</div>
